== gogo [multi] GET /hello  t=1 c=500 d=10s ==
Running 10s test @ http://127.0.0.1:3002/hello
  1 threads and 500 connections
  Thread Stats   Avg      Stdev     Max   +/- Stdev
    Latency     1.04ms    0.88ms  34.20ms   98.41%
    Req/Sec   260.30k    24.21k  285.72k    91.00%
  Latency Distribution
     50%    0.93ms
     75%    0.97ms
     90%    1.17ms
     99%    2.35ms
  2589998 requests in 10.01s, 360.62MB read
Requests/sec: 258826.62
Transfer/sec:     36.04MB
== gogo [multi] GET /hello  t=2 c=500 d=10s ==
Running 10s test @ http://127.0.0.1:3002/hello
  2 threads and 500 connections
  Thread Stats   Avg      Stdev     Max   +/- Stdev
    Latency     1.73ms  423.25us   9.90ms   90.08%
    Req/Sec   142.75k     9.89k  156.57k    85.15%
  Latency Distribution
     50%    1.62ms
     75%    1.70ms
     90%    2.08ms
     99%    3.48ms
  2868886 requests in 10.10s, 399.45MB read
Requests/sec: 283977.97
Transfer/sec:     39.54MB
== gogo [multi] GET /hello  t=4 c=500 d=10s ==
Running 10s test @ http://127.0.0.1:3002/hello
  4 threads and 500 connections
  Thread Stats   Avg      Stdev     Max   +/- Stdev
    Latency     1.95ms    2.16ms  56.68ms   98.79%
    Req/Sec    67.50k     8.31k   97.06k    89.83%
  Latency Distribution
     50%    1.69ms
     75%    1.80ms
     90%    2.26ms
     99%    4.39ms
  2706409 requests in 10.10s, 376.83MB read
Requests/sec: 267877.64
Transfer/sec:     37.30MB
== gogo [multi] GET /hello  t=8 c=500 d=10s ==
Running 10s test @ http://127.0.0.1:3002/hello
  8 threads and 500 connections
  Thread Stats   Avg      Stdev     Max   +/- Stdev
    Latency     2.10ms    1.30ms  32.95ms   93.87%
    Req/Sec    30.44k     5.55k   46.62k    80.50%
  Latency Distribution
     50%    1.77ms
     75%    2.06ms
     90%    2.77ms
     99%    7.01ms
  2423965 requests in 10.01s, 337.50MB read
Requests/sec: 242113.30
Transfer/sec:     33.71MB
== gogo [multi] GET /hello/inon  t=1 c=500 d=10s ==
Running 10s test @ http://127.0.0.1:3002/hello/inon
  1 threads and 500 connections
  Thread Stats   Avg      Stdev     Max   +/- Stdev
    Latency     1.05ms  245.01us   7.00ms   93.38%
    Req/Sec   249.15k    14.93k  265.72k    92.00%
  Latency Distribution
     50%    0.99ms
     75%    1.04ms
     90%    1.18ms
     99%    2.00ms
  2479876 requests in 10.01s, 342.92MB read
Requests/sec: 247801.45
Transfer/sec:     34.27MB
== gogo [multi] GET /hello/inon  t=2 c=500 d=10s ==
Running 10s test @ http://127.0.0.1:3002/hello/inon
  2 threads and 500 connections
  Thread Stats   Avg      Stdev     Max   +/- Stdev
    Latency     1.84ms  452.64us   9.72ms   90.75%
    Req/Sec   133.52k    10.84k  145.72k    89.50%
  Latency Distribution
     50%    1.73ms
     75%    1.83ms
     90%    2.15ms
     99%    3.77ms
  2656541 requests in 10.00s, 367.35MB read
Requests/sec: 265586.27
Transfer/sec:     36.73MB
== gogo [multi] GET /hello/inon  t=4 c=500 d=10s ==
Running 10s test @ http://127.0.0.1:3002/hello/inon
  4 threads and 500 connections
  Thread Stats   Avg      Stdev     Max   +/- Stdev
    Latency     1.99ms  726.09us  24.45ms   93.17%
    Req/Sec    62.41k     7.39k  121.10k    75.00%
  Latency Distribution
     50%    1.86ms
     75%    2.00ms
     90%    2.36ms
     99%    4.23ms
  2484611 requests in 10.01s, 343.58MB read
Requests/sec: 248309.28
Transfer/sec:     34.34MB
== gogo [multi] GET /hello/inon  t=8 c=500 d=10s ==
Running 10s test @ http://127.0.0.1:3002/hello/inon
  8 threads and 500 connections
  Thread Stats   Avg      Stdev     Max   +/- Stdev
    Latency     2.03ms  469.46us  13.52ms   92.04%
    Req/Sec    30.46k     2.91k   35.35k    88.50%
  Latency Distribution
     50%    1.91ms
     75%    2.03ms
     90%    2.35ms
     99%    4.07ms
  2424755 requests in 10.01s, 335.30MB read
Requests/sec: 242205.03
Transfer/sec:     33.49MB
== gogo [multi] GET /db  t=1 c=500 d=10s ==
Running 10s test @ http://127.0.0.1:3002/db
  1 threads and 500 connections
  Thread Stats   Avg      Stdev     Max   +/- Stdev
    Latency     2.67ms    1.27ms  80.06ms   93.70%
    Req/Sec   172.93k    24.31k  196.78k    84.00%
  Latency Distribution
     50%    2.50ms
     75%    2.81ms
     90%    3.38ms
     99%    6.80ms
  1721939 requests in 10.02s, 324.62MB read
Requests/sec: 171903.50
Transfer/sec:     32.41MB
== gogo [multi] GET /db  t=2 c=500 d=10s ==
Running 10s test @ http://127.0.0.1:3002/db
  2 threads and 500 connections
  Thread Stats   Avg      Stdev     Max   +/- Stdev
    Latency     3.03ms    1.56ms 127.07ms   91.73%
    Req/Sec    80.22k    12.00k  102.29k    77.50%
  Latency Distribution
     50%    2.73ms
     75%    3.14ms
     90%    4.07ms
     99%    8.55ms
  1597013 requests in 10.01s, 301.07MB read
Requests/sec: 159491.46
Transfer/sec:     30.07MB
== gogo [multi] GET /db  t=4 c=500 d=10s ==
Running 10s test @ http://127.0.0.1:3002/db
  4 threads and 500 connections
  Thread Stats   Avg      Stdev     Max   +/- Stdev
    Latency     2.93ms    1.65ms 145.05ms   93.98%
    Req/Sec    42.48k     5.33k   52.46k    81.00%
  Latency Distribution
     50%    2.66ms
     75%    2.98ms
     90%    3.59ms
     99%    8.29ms
  1693027 requests in 10.02s, 319.17MB read
Requests/sec: 168977.50
Transfer/sec:     31.86MB
== gogo [multi] GET /db  t=8 c=500 d=10s ==
Running 10s test @ http://127.0.0.1:3002/db
  8 threads and 500 connections
  Thread Stats   Avg      Stdev     Max   +/- Stdev
    Latency     2.97ms    1.47ms  98.14ms   92.46%
    Req/Sec    20.87k     3.90k   84.07k    88.03%
  Latency Distribution
     50%    2.74ms
     75%    3.06ms
     90%    3.67ms
     99%    7.33ms
  1666463 requests in 10.10s, 314.16MB read
Requests/sec: 164935.85
Transfer/sec:     31.09MB
== gogo [multi] POST /echo  t=1 c=500 d=10s ==
Running 10s test @ http://127.0.0.1:3002/echo
  1 threads and 500 connections
  Thread Stats   Avg      Stdev     Max   +/- Stdev
    Latency     2.38ms  752.24us  27.05ms   96.52%
    Req/Sec   211.52k    18.75k  228.82k    94.00%
  Latency Distribution
     50%    2.26ms
     75%    2.39ms
     90%    2.60ms
     99%    4.79ms
  2103771 requests in 10.01s, 353.11MB read
Requests/sec: 210268.54
Transfer/sec:     35.29MB
== gogo [multi] POST /echo  t=2 c=500 d=10s ==
Running 10s test @ http://127.0.0.1:3002/echo
  2 threads and 500 connections
  Thread Stats   Avg      Stdev     Max   +/- Stdev
    Latency     2.46ms  461.37us  16.44ms   93.55%
    Req/Sec   101.79k     8.05k  115.20k    90.00%
  Latency Distribution
     50%    2.36ms
     75%    2.50ms
     90%    2.73ms
     99%    4.56ms
  2025987 requests in 10.00s, 340.06MB read
Requests/sec: 202553.09
Transfer/sec:     34.00MB
== gogo [multi] POST /echo  t=4 c=500 d=10s ==
Running 10s test @ http://127.0.0.1:3002/echo
  4 threads and 500 connections
  Thread Stats   Avg      Stdev     Max   +/- Stdev
    Latency     2.55ms  631.13us  24.81ms   94.28%
    Req/Sec    49.25k     4.41k   59.48k    89.60%
  Latency Distribution
     50%    2.42ms
     75%    2.59ms
     90%    2.90ms
     99%    4.96ms
  1979979 requests in 10.10s, 332.33MB read
Requests/sec: 195994.77
Transfer/sec:     32.90MB
== gogo [multi] POST /echo  t=8 c=500 d=10s ==
Running 10s test @ http://127.0.0.1:3002/echo
  8 threads and 500 connections
  Thread Stats   Avg      Stdev     Max   +/- Stdev
    Latency     2.69ms  831.10us  23.43ms   95.48%
    Req/Sec    23.33k     3.31k   63.59k    93.28%
  Latency Distribution
     50%    2.56ms
     75%    2.73ms
     90%    3.00ms
     99%    5.39ms
  1864552 requests in 10.10s, 312.96MB read
Requests/sec: 184590.27
Transfer/sec:     30.98MB
== gogo [multi] POST /query  t=1 c=500 d=10s ==
Running 10s test @ http://127.0.0.1:3002/query
  1 threads and 500 connections
  Thread Stats   Avg      Stdev     Max   +/- Stdev
    Latency     2.97ms    1.29ms 150.58ms   94.61%
    Req/Sec   152.49k    16.31k  168.09k    91.00%
  Latency Distribution
     50%    2.85ms
     75%    3.20ms
     90%    3.67ms
     99%    6.59ms
  1518452 requests in 10.02s, 282.38MB read
Requests/sec: 151579.10
Transfer/sec:     28.19MB
== gogo [multi] POST /query  t=2 c=500 d=10s ==
Running 10s test @ http://127.0.0.1:3002/query
  2 threads and 500 connections
  Thread Stats   Avg      Stdev     Max   +/- Stdev
    Latency     3.50ms    1.54ms  84.69ms   89.79%
    Req/Sec    68.53k     8.91k   83.39k    74.50%
  Latency Distribution
     50%    3.23ms
     75%    3.66ms
     90%    4.44ms
     99%    9.36ms
  1364623 requests in 10.01s, 253.77MB read
Requests/sec: 136355.37
Transfer/sec:     25.36MB
== gogo [multi] POST /query  t=4 c=500 d=10s ==
Running 10s test @ http://127.0.0.1:3002/query
  4 threads and 500 connections
  Thread Stats   Avg      Stdev     Max   +/- Stdev
    Latency     3.89ms    2.08ms  98.21ms   91.05%
    Req/Sec    32.22k     6.69k  130.87k    87.78%
  Latency Distribution
     50%    3.50ms
     75%    3.94ms
     90%    5.00ms
     99%   12.54ms
  1286309 requests in 10.10s, 239.21MB read
Requests/sec: 127310.50
Transfer/sec:     23.68MB
== gogo [multi] POST /query  t=8 c=500 d=10s ==
Running 10s test @ http://127.0.0.1:3002/query
  8 threads and 500 connections
  Thread Stats   Avg      Stdev     Max   +/- Stdev
    Latency     4.56ms    2.63ms 132.97ms   90.75%
    Req/Sec    13.86k     2.26k   20.26k    65.50%
  Latency Distribution
     50%    3.93ms
     75%    4.72ms
     90%    6.60ms
     99%   13.61ms
  1104072 requests in 10.02s, 205.32MB read
Requests/sec: 110207.39
Transfer/sec:     20.49MB
