== nethttp [single] /hello  t=1 c=500 d=5s ==
Running 5s test @ http://127.0.0.1:3001/hello
  1 threads and 500 connections
  Thread Stats   Avg      Stdev     Max   +/- Stdev
    Latency     3.43ms  629.39us   8.68ms   78.46%
    Req/Sec   146.12k     5.45k  155.58k    90.00%
  Latency Distribution
     50%    3.25ms
     75%    3.52ms
     90%    4.40ms
     99%    4.84ms
  726937 requests in 5.01s, 89.43MB read
Requests/sec: 145234.73
Transfer/sec:     17.87MB
== nethttp [single] /hello  t=4 c=500 d=5s ==
Running 5s test @ http://127.0.0.1:3001/hello
  4 threads and 500 connections
  Thread Stats   Avg      Stdev     Max   +/- Stdev
    Latency     3.41ms  648.68us   9.64ms   78.45%
    Req/Sec    36.78k     1.51k   40.76k    89.71%
  Latency Distribution
     50%    3.22ms
     75%    3.50ms
     90%    4.38ms
     99%    4.87ms
  746497 requests in 5.10s, 91.84MB read
Requests/sec: 146301.36
Transfer/sec:     18.00MB
== nethttp [single] /hello/inon  t=1 c=500 d=5s ==
Running 5s test @ http://127.0.0.1:3001/hello/inon
  1 threads and 500 connections
  Thread Stats   Avg      Stdev     Max   +/- Stdev
    Latency     3.52ms  753.00us  14.84ms   80.62%
    Req/Sec   142.77k     8.49k  152.42k    90.00%
  Latency Distribution
     50%    3.31ms
     75%    3.63ms
     90%    4.50ms
     99%    5.29ms
  710367 requests in 5.00s, 86.71MB read
Requests/sec: 141955.55
Transfer/sec:     17.33MB
== nethttp [single] /hello/inon  t=4 c=500 d=5s ==
Running 5s test @ http://127.0.0.1:3001/hello/inon
  4 threads and 500 connections
  Thread Stats   Avg      Stdev     Max   +/- Stdev
    Latency     3.42ms  642.15us   6.99ms   77.83%
    Req/Sec    36.46k     1.42k   48.91k    86.27%
  Latency Distribution
     50%    3.26ms
     75%    3.52ms
     90%    4.41ms
     99%    4.85ms
  739888 requests in 5.10s, 90.32MB read
Requests/sec: 145012.56
Transfer/sec:     17.70MB
== nethttp [single] /db  t=1 c=500 d=5s ==
Running 5s test @ http://127.0.0.1:3001/db
  1 threads and 500 connections
  Thread Stats   Avg      Stdev     Max   +/- Stdev
    Latency     6.68ms    1.00ms  10.65ms   82.45%
    Req/Sec    75.12k     1.29k   77.45k    82.35%
  Latency Distribution
     50%    6.53ms
     75%    7.32ms
     90%    7.89ms
     99%    8.37ms
  381205 requests in 5.10s, 65.68MB read
Requests/sec:  74676.99
Transfer/sec:     12.87MB
== nethttp [single] /db  t=4 c=500 d=5s ==
Running 5s test @ http://127.0.0.1:3001/db
  4 threads and 500 connections
  Thread Stats   Avg      Stdev     Max   +/- Stdev
    Latency     6.69ms    1.19ms  20.89ms   84.95%
    Req/Sec    18.66k   657.40    21.67k    90.69%
  Latency Distribution
     50%    6.53ms
     75%    7.37ms
     90%    7.96ms
     99%    8.59ms
  378729 requests in 5.10s, 65.26MB read
Requests/sec:  74227.83
Transfer/sec:     12.79MB
