== actix [multi] GET /hello  t=1 c=500 d=10s ==
Running 10s test @ http://127.0.0.1:3007/hello
  1 threads and 500 connections
  Thread Stats   Avg      Stdev     Max   +/- Stdev
    Latency     1.51ms  696.39us  26.96ms   94.89%
    Req/Sec   173.01k    28.94k  251.73k    80.00%
  Latency Distribution
     50%    1.39ms
     75%    1.60ms
     90%    1.93ms
     99%    3.07ms
  1726693 requests in 10.04s, 212.42MB read
Requests/sec: 171956.44
Transfer/sec:     21.15MB
== actix [multi] GET /hello  t=2 c=500 d=10s ==
Running 10s test @ http://127.0.0.1:3007/hello
  2 threads and 500 connections
  Thread Stats   Avg      Stdev     Max   +/- Stdev
    Latency     2.09ms    3.97ms  99.12ms   96.00%
    Req/Sec   101.47k    15.28k  152.29k    75.50%
  Latency Distribution
     50%    1.22ms
     75%    2.02ms
     90%    3.30ms
     99%   19.96ms
  2025610 requests in 10.06s, 249.20MB read
Requests/sec: 201331.23
Transfer/sec:     24.77MB
== actix [multi] GET /hello  t=4 c=500 d=10s ==
Running 10s test @ http://127.0.0.1:3007/hello
  4 threads and 500 connections
  Thread Stats   Avg      Stdev     Max   +/- Stdev
    Latency     3.23ms    8.60ms 147.57ms   94.35%
    Req/Sec    50.20k    15.50k  132.59k    74.10%
  Latency Distribution
     50%    0.89ms
     75%    2.47ms
     90%    6.84ms
     99%   40.93ms
  1998305 requests in 10.11s, 245.84MB read
Requests/sec: 197668.68
Transfer/sec:     24.32MB
== actix [multi] GET /hello  t=8 c=500 d=10s ==
Running 10s test @ http://127.0.0.1:3007/hello
  8 threads and 500 connections
  Thread Stats   Avg      Stdev     Max   +/- Stdev
    Latency    10.65ms   20.26ms 279.03ms   88.20%
    Req/Sec    24.88k    10.10k   93.62k    70.23%
  Latency Distribution
     50%    0.94ms
     75%   11.70ms
     90%   35.33ms
     99%   95.33ms
  1988433 requests in 10.10s, 244.62MB read
Requests/sec: 196825.74
Transfer/sec:     24.21MB
== actix [multi] GET /hello/inon  t=1 c=500 d=10s ==
Running 10s test @ http://127.0.0.1:3007/hello/inon
  1 threads and 500 connections
  Thread Stats   Avg      Stdev     Max   +/- Stdev
    Latency     1.47ms  349.25us  11.73ms   92.38%
    Req/Sec   175.40k    14.77k  187.57k    94.00%
  Latency Distribution
     50%    1.39ms
     75%    1.46ms
     90%    1.74ms
     99%    2.81ms
  1751067 requests in 10.04s, 213.75MB read
Requests/sec: 174359.24
Transfer/sec:     21.28MB
== actix [multi] GET /hello/inon  t=2 c=500 d=10s ==
Running 10s test @ http://127.0.0.1:3007/hello/inon
  2 threads and 500 connections
  Thread Stats   Avg      Stdev     Max   +/- Stdev
    Latency     2.41ms    4.43ms  91.98ms   94.76%
    Req/Sec    93.99k    17.61k  125.59k    73.50%
  Latency Distribution
     50%    1.31ms
     75%    2.22ms
     90%    3.85ms
     99%   23.95ms
  1882449 requests in 10.09s, 229.79MB read
Requests/sec: 186509.49
Transfer/sec:     22.77MB
== actix [multi] GET /hello/inon  t=4 c=500 d=10s ==
Running 10s test @ http://127.0.0.1:3007/hello/inon
  4 threads and 500 connections
  Thread Stats   Avg      Stdev     Max   +/- Stdev
    Latency     3.97ms   10.19ms 160.18ms   93.35%
    Req/Sec    47.89k    15.41k  108.74k    70.59%
  Latency Distribution
     50%    0.94ms
     75%    2.74ms
     90%    9.32ms
     99%   51.97ms
  1912563 requests in 10.09s, 233.47MB read
Requests/sec: 189621.46
Transfer/sec:     23.15MB
== actix [multi] GET /hello/inon  t=8 c=500 d=10s ==
Running 10s test @ http://127.0.0.1:3007/hello/inon
  8 threads and 500 connections
  Thread Stats   Avg      Stdev     Max   +/- Stdev
    Latency    10.60ms   20.39ms 275.45ms   88.64%
    Req/Sec    24.04k     9.52k   68.88k    74.10%
  Latency Distribution
     50%    1.00ms
     75%   11.46ms
     90%   34.37ms
     99%   96.30ms
  1921423 requests in 10.09s, 234.55MB read
Requests/sec: 190432.16
Transfer/sec:     23.25MB
== actix [multi] GET /db  t=1 c=500 d=10s ==
Running 10s test @ http://127.0.0.1:3007/db
  1 threads and 500 connections
  Thread Stats   Avg      Stdev     Max   +/- Stdev
    Latency     7.91ms    8.08ms 112.12ms   86.74%
    Req/Sec    70.70k     9.60k   81.73k    84.00%
  Latency Distribution
     50%    6.41ms
     75%   12.27ms
     90%   18.86ms
     99%   36.60ms
  704661 requests in 10.03s, 121.42MB read
Requests/sec:  70244.49
Transfer/sec:     12.10MB
== actix [multi] GET /db  t=2 c=500 d=10s ==
Running 10s test @ http://127.0.0.1:3007/db
  2 threads and 500 connections
  Thread Stats   Avg      Stdev     Max   +/- Stdev
    Latency     7.95ms    8.09ms 105.91ms   86.52%
    Req/Sec    36.32k     5.91k   52.93k    75.50%
  Latency Distribution
     50%    6.53ms
     75%   12.50ms
     90%   19.05ms
     99%   34.58ms
  724453 requests in 10.03s, 124.83MB read
Requests/sec:  72204.22
Transfer/sec:     12.44MB
== actix [multi] GET /db  t=4 c=500 d=10s ==
Running 10s test @ http://127.0.0.1:3007/db
  4 threads and 500 connections
  Thread Stats   Avg      Stdev     Max   +/- Stdev
    Latency     8.48ms    8.41ms 109.99ms   80.63%
    Req/Sec    17.80k     2.54k   22.72k    73.27%
  Latency Distribution
     50%    6.75ms
     75%   12.76ms
     90%   19.32ms
     99%   37.50ms
  715547 requests in 10.10s, 123.30MB read
Requests/sec:  70815.48
Transfer/sec:     12.20MB
== actix [multi] GET /db  t=8 c=500 d=10s ==
Running 10s test @ http://127.0.0.1:3007/db
  8 threads and 500 connections
  Thread Stats   Avg      Stdev     Max   +/- Stdev
    Latency     8.19ms    7.75ms  97.90ms   65.98%
    Req/Sec     8.89k     1.28k   16.47k    73.39%
  Latency Distribution
     50%    6.64ms
     75%   12.20ms
     90%   18.28ms
     99%   34.14ms
  714737 requests in 10.11s, 123.16MB read
Requests/sec:  70717.47
Transfer/sec:     12.19MB
== actix [multi] POST /echo  t=1 c=500 d=10s ==
Running 10s test @ http://127.0.0.1:3007/echo
  1 threads and 500 connections
  Thread Stats   Avg      Stdev     Max   +/- Stdev
    Latency     1.52ms  319.67us   7.32ms   90.68%
    Req/Sec   169.34k    13.89k  182.42k    93.00%
  Latency Distribution
     50%    1.44ms
     75%    1.50ms
     90%    1.81ms
     99%    2.94ms
  1689532 requests in 10.03s, 256.19MB read
Requests/sec: 168380.87
Transfer/sec:     25.53MB
== actix [multi] POST /echo  t=2 c=500 d=10s ==
Running 10s test @ http://127.0.0.1:3007/echo
  2 threads and 500 connections
  Thread Stats   Avg      Stdev     Max   +/- Stdev
    Latency     2.90ms    7.08ms 130.49ms   95.63%
    Req/Sec    90.57k    16.67k  139.57k    70.00%
  Latency Distribution
     50%    1.32ms
     75%    2.36ms
     90%    4.37ms
     99%   36.22ms
  1810707 requests in 10.07s, 274.57MB read
Requests/sec: 179784.70
Transfer/sec:     27.26MB
== actix [multi] POST /echo  t=4 c=500 d=10s ==
Running 10s test @ http://127.0.0.1:3007/echo
  4 threads and 500 connections
  Thread Stats   Avg      Stdev     Max   +/- Stdev
    Latency     4.93ms   12.83ms 181.15ms   93.34%
    Req/Sec    45.57k    15.28k   97.79k    69.33%
  Latency Distribution
     50%    1.01ms
     75%    3.12ms
     90%   11.63ms
     99%   70.92ms
  1808433 requests in 10.09s, 274.22MB read
Requests/sec: 179264.89
Transfer/sec:     27.18MB
== actix [multi] POST /echo  t=8 c=500 d=10s ==
Running 10s test @ http://127.0.0.1:3007/echo
  8 threads and 500 connections
  Thread Stats   Avg      Stdev     Max   +/- Stdev
    Latency    11.71ms   21.57ms 232.33ms   87.75%
    Req/Sec    23.68k     9.54k   66.73k    69.80%
  Latency Distribution
     50%    1.11ms
     75%   13.14ms
     90%   39.34ms
     99%  100.63ms
  1896773 requests in 10.10s, 287.62MB read
Requests/sec: 187723.90
Transfer/sec:     28.47MB
== actix [multi] POST /query  t=1 c=500 d=10s ==
Running 10s test @ http://127.0.0.1:3007/query
  1 threads and 500 connections
  Thread Stats   Avg      Stdev     Max   +/- Stdev
    Latency     7.81ms    7.45ms 101.79ms   68.92%
    Req/Sec    68.86k    10.64k   83.56k    75.00%
  Latency Distribution
     50%    6.34ms
     75%   11.62ms
     90%   17.63ms
     99%   33.13ms
  688062 requests in 10.06s, 116.80MB read
Requests/sec:  68421.96
Transfer/sec:     11.61MB
== actix [multi] POST /query  t=2 c=500 d=10s ==
Running 10s test @ http://127.0.0.1:3007/query
  2 threads and 500 connections
  Thread Stats   Avg      Stdev     Max   +/- Stdev
    Latency     7.42ms    7.40ms 104.94ms   86.86%
    Req/Sec    36.69k     7.78k   57.24k    71.50%
  Latency Distribution
     50%    6.00ms
     75%   11.10ms
     90%   17.20ms
     99%   32.99ms
  733364 requests in 10.08s, 124.49MB read
Requests/sec:  72723.05
Transfer/sec:     12.35MB
== actix [multi] POST /query  t=4 c=500 d=10s ==
Running 10s test @ http://127.0.0.1:3007/query
  4 threads and 500 connections
  Thread Stats   Avg      Stdev     Max   +/- Stdev
    Latency     8.17ms    7.96ms 118.26ms   67.75%
    Req/Sec    18.38k     2.63k   24.96k    79.95%
  Latency Distribution
     50%    6.47ms
     75%   12.17ms
     90%   18.51ms
     99%   35.71ms
  738945 requests in 10.10s, 125.44MB read
Requests/sec:  73139.24
Transfer/sec:     12.42MB
== actix [multi] POST /query  t=8 c=500 d=10s ==
Running 10s test @ http://127.0.0.1:3007/query
  8 threads and 500 connections
  Thread Stats   Avg      Stdev     Max   +/- Stdev
    Latency     8.20ms    7.31ms 104.77ms   71.20%
    Req/Sec     8.68k     1.30k   16.15k    74.53%
  Latency Distribution
     50%    6.63ms
     75%   11.78ms
     90%   17.54ms
     99%   33.09ms
  695719 requests in 10.10s, 118.10MB read
Requests/sec:  68872.55
Transfer/sec:     11.69MB
