== nethttp [multi] /hello  t=1 c=500 d=15s ==
Running 15s test @ http://127.0.0.1:3001/hello
  1 threads and 500 connections
  Thread Stats   Avg      Stdev     Max   +/- Stdev
    Latency     1.56ms    0.86ms  30.58ms   90.47%
    Req/Sec   177.63k    26.24k  218.57k    58.67%
  Latency Distribution
     50%    1.30ms
     75%    1.83ms
     90%    2.23ms
     99%    4.22ms
  2661085 requests in 15.06s, 327.38MB read
Requests/sec: 176690.81
Transfer/sec:     21.74MB
== nethttp [multi] /hello  t=2 c=500 d=15s ==
Running 15s test @ http://127.0.0.1:3001/hello
  2 threads and 500 connections
  Thread Stats   Avg      Stdev     Max   +/- Stdev
    Latency     1.79ms    2.14ms  48.98ms   91.03%
    Req/Sec   101.14k    23.85k  186.21k    72.58%
  Latency Distribution
     50%    1.16ms
     75%    1.95ms
     90%    3.65ms
     99%   10.38ms
  3028938 requests in 15.09s, 372.63MB read
Requests/sec: 200659.69
Transfer/sec:     24.69MB
== nethttp [multi] /hello  t=4 c=500 d=15s ==
Running 15s test @ http://127.0.0.1:3001/hello
  4 threads and 500 connections
  Thread Stats   Avg      Stdev     Max   +/- Stdev
    Latency     2.40ms    3.98ms  52.96ms   90.26%
    Req/Sec    51.90k    23.14k  151.42k    71.21%
  Latency Distribution
     50%    0.88ms
     75%    2.61ms
     90%    6.25ms
     99%   20.20ms
  3100939 requests in 15.08s, 381.49MB read
Requests/sec: 205624.15
Transfer/sec:     25.30MB
== nethttp [multi] /hello  t=8 c=500 d=15s ==
Running 15s test @ http://127.0.0.1:3001/hello
  8 threads and 500 connections
  Thread Stats   Avg      Stdev     Max   +/- Stdev
    Latency     3.55ms    5.86ms 119.67ms   89.30%
    Req/Sec    24.99k    12.39k  103.97k    73.33%
  Latency Distribution
     50%    1.19ms
     75%    4.30ms
     90%    9.80ms
     99%   27.86ms
  2994415 requests in 15.10s, 368.38MB read
Requests/sec: 198241.81
Transfer/sec:     24.39MB
== nethttp [multi] /hello/inon  t=1 c=500 d=15s ==
Running 15s test @ http://127.0.0.1:3001/hello/inon
  1 threads and 500 connections
  Thread Stats   Avg      Stdev     Max   +/- Stdev
    Latency     1.67ms    1.17ms  37.74ms   92.83%
    Req/Sec   168.53k    27.76k  212.27k    57.33%
  Latency Distribution
     50%    1.37ms
     75%    1.93ms
     90%    2.42ms
     99%    4.89ms
  2525991 requests in 15.08s, 308.35MB read
Requests/sec: 167466.93
Transfer/sec:     20.44MB
== nethttp [multi] /hello/inon  t=2 c=500 d=15s ==
Running 15s test @ http://127.0.0.1:3001/hello/inon
  2 threads and 500 connections
  Thread Stats   Avg      Stdev     Max   +/- Stdev
    Latency     1.95ms    2.39ms  46.00ms   91.01%
    Req/Sec    95.51k    22.21k  172.51k    74.16%
  Latency Distribution
     50%    1.23ms
     75%    2.16ms
     90%    4.03ms
     99%   11.50ms
  2857573 requests in 15.08s, 348.82MB read
Requests/sec: 189475.17
Transfer/sec:     23.13MB
== nethttp [multi] /hello/inon  t=4 c=500 d=15s ==
Running 15s test @ http://127.0.0.1:3001/hello/inon
  4 threads and 500 connections
  Thread Stats   Avg      Stdev     Max   +/- Stdev
    Latency     2.35ms    3.99ms  79.92ms   91.27%
    Req/Sec    49.32k    20.13k  112.58k    67.63%
  Latency Distribution
     50%    0.95ms
     75%    2.49ms
     90%    5.72ms
     99%   20.07ms
  2942938 requests in 15.04s, 359.25MB read
Requests/sec: 195609.17
Transfer/sec:     23.88MB
== nethttp [multi] /hello/inon  t=8 c=500 d=15s ==
Running 15s test @ http://127.0.0.1:3001/hello/inon
  8 threads and 500 connections
  Thread Stats   Avg      Stdev     Max   +/- Stdev
    Latency     3.62ms    5.58ms 115.11ms   87.95%
    Req/Sec    24.16k    13.75k  145.50k    72.56%
  Latency Distribution
     50%    1.25ms
     75%    4.49ms
     90%   10.30ms
     99%   25.96ms
  2887818 requests in 15.10s, 352.52MB read
Requests/sec: 191250.09
Transfer/sec:     23.35MB
== nethttp [multi] /db  t=1 c=500 d=15s ==
Running 15s test @ http://127.0.0.1:3001/db
  1 threads and 500 connections
  Thread Stats   Avg      Stdev     Max   +/- Stdev
    Latency     6.09ms   15.61ms 463.97ms   96.57%
    Req/Sec   118.53k    16.12k  146.86k    68.67%
  Latency Distribution
     50%    3.19ms
     75%    5.38ms
     90%    9.42ms
     99%   74.34ms
  1770688 requests in 15.02s, 305.10MB read
Requests/sec: 117865.52
Transfer/sec:     20.31MB
== nethttp [multi] /db  t=2 c=500 d=15s ==
Running 15s test @ http://127.0.0.1:3001/db
  2 threads and 500 connections
  Thread Stats   Avg      Stdev     Max   +/- Stdev
    Latency     7.17ms   22.64ms 711.55ms   97.04%
    Req/Sec    61.36k    21.76k  134.08k    71.81%
  Latency Distribution
     50%    2.87ms
     75%    5.59ms
     90%   11.29ms
     99%  110.19ms
  1834390 requests in 15.10s, 316.08MB read
Requests/sec: 121520.74
Transfer/sec:     20.94MB
== nethttp [multi] /db  t=4 c=500 d=15s ==
Running 15s test @ http://127.0.0.1:3001/db
  4 threads and 500 connections
  Thread Stats   Avg      Stdev     Max   +/- Stdev
    Latency    10.62ms   48.10ms   1.37s    97.62%
    Req/Sec    29.44k    10.43k   77.99k    73.06%
  Latency Distribution
     50%    2.91ms
     75%    5.97ms
     90%   11.15ms
     99%  255.58ms
  1758752 requests in 15.10s, 303.05MB read
Requests/sec: 116491.56
Transfer/sec:     20.07MB
== nethttp [multi] /db  t=8 c=500 d=15s ==
Running 15s test @ http://127.0.0.1:3001/db
  8 threads and 500 connections
  Thread Stats   Avg      Stdev     Max   +/- Stdev
    Latency    12.23ms   49.38ms   1.28s    96.77%
    Req/Sec    15.05k     4.44k   56.49k    74.62%
  Latency Distribution
     50%    3.20ms
     75%    6.22ms
     90%   11.66ms
     99%  291.18ms
  1797531 requests in 15.09s, 309.73MB read
Requests/sec: 119108.43
Transfer/sec:     20.52MB
