== fiber [multi] /hello  t=1 c=500 d=5s ==
Running 5s test @ http://127.0.0.1:3004/hello
  1 threads and 500 connections
  Thread Stats   Avg      Stdev     Max   +/- Stdev
    Latency     1.98ms  433.25us  14.78ms   96.18%
    Req/Sec   254.60k    17.38k  277.98k    88.24%
  Latency Distribution
     50%    1.93ms
     75%    2.01ms
     90%    2.11ms
     99%    2.95ms
  1290497 requests in 5.10s, 158.76MB read
Requests/sec: 252828.48
Transfer/sec:     31.10MB
== fiber [multi] /hello  t=4 c=500 d=5s ==
Running 5s test @ http://127.0.0.1:3004/hello
  4 threads and 500 connections
  Thread Stats   Avg      Stdev     Max   +/- Stdev
    Latency     1.96ms  251.18us   7.92ms   93.91%
    Req/Sec    64.04k     3.82k   70.41k    93.14%
  Latency Distribution
     50%    1.93ms
     75%    2.01ms
     90%    2.10ms
     99%    2.73ms
  1299627 requests in 5.10s, 159.89MB read
Requests/sec: 254722.24
Transfer/sec:     31.34MB
== fiber [multi] /hello/inon  t=1 c=500 d=5s ==
Running 5s test @ http://127.0.0.1:3004/hello/inon
  1 threads and 500 connections
  Thread Stats   Avg      Stdev     Max   +/- Stdev
    Latency     1.98ms  232.95us   6.64ms   94.16%
    Req/Sec   253.10k    13.51k  275.01k    90.00%
  Latency Distribution
     50%    1.95ms
     75%    2.03ms
     90%    2.10ms
     99%    2.72ms
  1258642 requests in 5.01s, 153.64MB read
Requests/sec: 251460.69
Transfer/sec:     30.70MB
== fiber [multi] /hello/inon  t=4 c=500 d=5s ==
Running 5s test @ http://127.0.0.1:3004/hello/inon
  4 threads and 500 connections
  Thread Stats   Avg      Stdev     Max   +/- Stdev
    Latency     2.03ms  371.91us  13.38ms   92.42%
    Req/Sec    61.73k     4.83k   70.84k    86.76%
  Latency Distribution
     50%    1.98ms
     75%    2.07ms
     90%    2.25ms
     99%    3.09ms
  1252695 requests in 5.10s, 152.92MB read
Requests/sec: 245502.95
Transfer/sec:     29.97MB
== fiber [multi] /db  t=1 c=500 d=5s ==
Running 5s test @ http://127.0.0.1:3004/db
  1 threads and 500 connections
  Thread Stats   Avg      Stdev     Max   +/- Stdev
    Latency     5.17ms  538.64us  13.54ms   89.29%
    Req/Sec    97.11k     2.75k  100.28k    92.16%
  Latency Distribution
     50%    5.08ms
     75%    5.26ms
     90%    5.51ms
     99%    6.76ms
  492910 requests in 5.10s, 84.93MB read
Requests/sec:  96570.36
Transfer/sec:     16.64MB
== fiber [multi] /db  t=4 c=500 d=5s ==
Running 5s test @ http://127.0.0.1:3004/db
  4 threads and 500 connections
  Thread Stats   Avg      Stdev     Max   +/- Stdev
    Latency     5.41ms    2.46ms  61.34ms   97.57%
    Req/Sec    23.74k     2.07k   27.06k    94.61%
  Latency Distribution
     50%    5.12ms
     75%    5.33ms
     90%    5.93ms
     99%   10.44ms
  482108 requests in 5.10s, 83.07MB read
Requests/sec:  94472.80
Transfer/sec:     16.28MB
