== bun [single] /hello  t=1 c=500 d=15s ==
Running 15s test @ http://127.0.0.1:3005/hello
  1 threads and 500 connections
  Thread Stats   Avg      Stdev     Max   +/- Stdev
    Latency     2.40ms    1.34ms  41.25ms   99.02%
    Req/Sec   215.67k    16.42k  226.73k    94.00%
  Latency Distribution
     50%    2.28ms
     75%    2.35ms
     90%    2.47ms
     99%    3.67ms
  3218170 requests in 15.02s, 395.91MB read
Requests/sec: 214302.29
Transfer/sec:     26.36MB
== bun [single] /hello  t=2 c=500 d=15s ==
Running 15s test @ http://127.0.0.1:3005/hello
  2 threads and 500 connections
  Thread Stats   Avg      Stdev     Max   +/- Stdev
    Latency     2.32ms  214.77us  11.17ms   94.61%
    Req/Sec   108.37k     5.59k  180.50k    95.02%
  Latency Distribution
     50%    2.30ms
     75%    2.35ms
     90%    2.46ms
     99%    2.72ms
  3245530 requests in 15.10s, 399.28MB read
Requests/sec: 214899.00
Transfer/sec:     26.44MB
== bun [single] /hello  t=4 c=500 d=15s ==
Running 15s test @ http://127.0.0.1:3005/hello
  4 threads and 500 connections
  Thread Stats   Avg      Stdev     Max   +/- Stdev
    Latency     2.46ms  375.71us  15.57ms   94.31%
    Req/Sec    51.15k     3.73k   64.62k    86.26%
  Latency Distribution
     50%    2.40ms
     75%    2.53ms
     90%    2.68ms
     99%    3.36ms
  3074219 requests in 15.10s, 378.20MB read
Requests/sec: 203542.84
Transfer/sec:     25.04MB
== bun [single] /hello  t=8 c=500 d=15s ==
Running 15s test @ http://127.0.0.1:3005/hello
  8 threads and 500 connections
  Thread Stats   Avg      Stdev     Max   +/- Stdev
    Latency     2.39ms  463.34us  19.70ms   96.28%
    Req/Sec    26.08k     5.14k  194.31k    97.17%
  Latency Distribution
     50%    2.34ms
     75%    2.42ms
     90%    2.56ms
     99%    3.59ms
  3118801 requests in 15.10s, 383.69MB read
Requests/sec: 206539.30
Transfer/sec:     25.41MB
== bun [single] /hello/inon  t=1 c=500 d=15s ==
Running 15s test @ http://127.0.0.1:3005/hello/inon
  1 threads and 500 connections
  Thread Stats   Avg      Stdev     Max   +/- Stdev
    Latency     2.64ms    1.44ms  42.43ms   97.27%
    Req/Sec   197.24k    26.23k  227.38k    88.74%
  Latency Distribution
     50%    2.40ms
     75%    2.55ms
     90%    2.78ms
     99%    7.43ms
  2960388 requests in 15.10s, 361.38MB read
Requests/sec: 195993.24
Transfer/sec:     23.92MB
== bun [single] /hello/inon  t=2 c=500 d=15s ==
Running 15s test @ http://127.0.0.1:3005/hello/inon
  2 threads and 500 connections
  Thread Stats   Avg      Stdev     Max   +/- Stdev
    Latency     2.45ms  256.86us  11.56ms   95.03%
    Req/Sec   102.44k     5.25k  106.38k    93.67%
  Latency Distribution
     50%    2.40ms
     75%    2.48ms
     90%    2.60ms
     99%    3.13ms
  3058416 requests in 15.01s, 373.34MB read
Requests/sec: 203754.27
Transfer/sec:     24.87MB
== bun [single] /hello/inon  t=4 c=500 d=15s ==
Running 15s test @ http://127.0.0.1:3005/hello/inon
  4 threads and 500 connections
  Thread Stats   Avg      Stdev     Max   +/- Stdev
    Latency     2.51ms  655.71us  23.11ms   95.61%
    Req/Sec    50.29k     7.89k  205.00k    94.34%
  Latency Distribution
     50%    2.40ms
     75%    2.53ms
     90%    2.72ms
     99%    4.75ms
  3007500 requests in 15.10s, 367.13MB read
Requests/sec: 199157.32
Transfer/sec:     24.31MB
== bun [single] /hello/inon  t=8 c=500 d=15s ==
Running 15s test @ http://127.0.0.1:3005/hello/inon
  8 threads and 500 connections
  Thread Stats   Avg      Stdev     Max   +/- Stdev
    Latency     2.40ms  380.38us  15.75ms   95.50%
    Req/Sec    26.02k     5.35k  204.59k    98.25%
  Latency Distribution
     50%    2.35ms
     75%    2.44ms
     90%    2.59ms
     99%    3.05ms
  3110112 requests in 15.10s, 379.65MB read
Requests/sec: 205940.43
Transfer/sec:     25.14MB
== bun [single] /db  t=1 c=500 d=15s ==
Running 15s test @ http://127.0.0.1:3005/db
  1 threads and 500 connections
  Thread Stats   Avg      Stdev     Max   +/- Stdev
    Latency     3.98ms    2.42ms  63.56ms   97.76%
    Req/Sec   131.08k    14.52k  141.25k    89.33%
  Latency Distribution
     50%    3.69ms
     75%    3.82ms
     90%    4.04ms
     99%    9.50ms
  1957155 requests in 15.03s, 337.24MB read
Requests/sec: 130248.27
Transfer/sec:     22.44MB
== bun [single] /db  t=2 c=500 d=15s ==
Running 15s test @ http://127.0.0.1:3005/db
  2 threads and 500 connections
  Thread Stats   Avg      Stdev     Max   +/- Stdev
    Latency     3.68ms  280.20us  13.79ms   94.08%
    Req/Sec    68.20k     2.53k   70.76k    92.00%
  Latency Distribution
     50%    3.64ms
     75%    3.73ms
     90%    3.88ms
     99%    4.38ms
  2036667 requests in 15.01s, 350.94MB read
Requests/sec: 135667.35
Transfer/sec:     23.38MB
== bun [single] /db  t=4 c=500 d=15s ==
Running 15s test @ http://127.0.0.1:3005/db
  4 threads and 500 connections
  Thread Stats   Avg      Stdev     Max   +/- Stdev
    Latency     3.75ms  688.48us  26.08ms   96.89%
    Req/Sec    33.65k     2.26k   46.04k    91.87%
  Latency Distribution
     50%    3.67ms
     75%    3.76ms
     90%    3.94ms
     99%    5.43ms
  2018662 requests in 15.10s, 347.84MB read
Requests/sec: 133662.05
Transfer/sec:     23.03MB
== bun [single] /db  t=8 c=500 d=15s ==
Running 15s test @ http://127.0.0.1:3005/db
  8 threads and 500 connections
  Thread Stats   Avg      Stdev     Max   +/- Stdev
    Latency     3.98ms    1.76ms  47.98ms   97.11%
    Req/Sec    16.04k     3.62k  128.23k    97.00%
  Latency Distribution
     50%    3.76ms
     75%    3.92ms
     90%    4.20ms
     99%    8.78ms
  1917104 requests in 15.10s, 330.33MB read
Requests/sec: 126945.41
Transfer/sec:     21.87MB
